
  test_output.txt:8:InterpolationEngine: 
12 o'clock position is at top (y negative 
in JUCE coords)
  test_output.txt:9:----------------------
------------------------------------------
---------------
  test_output.txt:10:D:\morphy\tests\Unit\
test_morphsnap_unit.cpp(211)
  test_output.txt:11:.....................
..........................................
................
  test_output.txt:12:
> test_output.txt:13:D:\morphy\tests\Unit\
test_morphsnap_unit.cpp(216): FAILED:
  test_output.txt:14:  REQUIRE( 
positions[0].y == 
Approx(-1.0f).margin(1e-5f) )
  test_output.txt:19:PhysicsEngine::update
Elastic: position converges toward target
  test_output.txt:20:---------------------
------------------------------------------
----------------
  test_output.txt:21:D:\morphy\tests\Unit\
TestPhysicsAndGenetic.cpp(32)
  test_output.txt:22:.....................
..........................................
................
  test_output.txt:23:
> test_output.txt:24:D:\morphy\tests\Unit\
TestPhysicsAndGenetic.cpp(43): FAILED:
  test_output.txt:25:  REQUIRE( 
std::abs(s.x - targetX) < 0.05f )
  test_output.txt:26:with expansion:
  test_output.txt:27:  0.0925f < 0.05f
  test_output.txt:28:
  test_output.txt:29:=====================
==========================================
================
> test_output.txt:30:test cases:  42 |  
40 passed | 2 failed
> test_output.txt:31:assertions: 911 | 
909 passed | 2 failed
  test_output.txt:32:


