Randomness seeded to: 251043049

~~~~~~~~~~~~~~~~~~~~~~~~~~~~~~~~~~~~~~~~~~~~~~~~~~~~~~~~~~~~~~~~~~~~~~~~~~~~~~~
MorphSnapTests.exe is a Catch2 v3.4.0 host application.
Run with -? for options

-------------------------------------------------------------------------------
InterpolationEngine: 12 o'clock position is at top (y negative in JUCE coords)
-------------------------------------------------------------------------------
D:\morphy\tests\Unit\test_morphsnap_unit.cpp(211)
...............................................................................

D:\morphy\tests\Unit\test_morphsnap_unit.cpp(216): FAILED:
  REQUIRE( positions[0].y == Approx(-1.0f).margin(1e-5f) )
with expansion:
  -0.85f == Approx( -1.0 )

-------------------------------------------------------------------------------
PhysicsEngine::updateElastic: position converges toward target
-------------------------------------------------------------------------------
D:\morphy\tests\Unit\TestPhysicsAndGenetic.cpp(32)
...............................................................................

D:\morphy\tests\Unit\TestPhysicsAndGenetic.cpp(43): FAILED:
  REQUIRE( std::abs(s.x - targetX) < 0.05f )
with expansion:
  0.0925f < 0.05f

===============================================================================
test cases:  42 |  40 passed | 2 failed
assertions: 911 | 909 passed | 2 failed

